// Jest Snapshot v1, https://goo.gl/fbAQLP

exports[`renders login page correctly 1`] = `
<div
  className="NotFound"
>
  <h3>
    Sorry, page not found!
  </h3>
</div>
`;
