// Jest Snapshot v1, https://goo.gl/fbAQLP

exports[`renders profile page correctly 1`] = `
<div
  className="container"
>
  <div
    className="row"
  >
    <div
      className="col-md-4"
      s={6}
    >
      <img
        className="img-thumbnail"
        src="https://image-ticketfly.imgix.net/00/00/32/50/75-og.jpg?w=500&h=334&fit=crop&crop=top"
      />
    </div>
    <div
      className="col-md-4"
      s={6}
    >
      <div
        className="JammerInfo"
      >
        <ul
          className="list-group"
        >
          <li
            className="list-group-item"
          >
            <h2>
              Jammer Name :
            </h2>
            <br />
            
          </li>
          <li
            className="list-group-item"
          >
            <h2>
              Jammer Email :
            </h2>
            <br />
             
            
          </li>
        </ul>
      </div>
    </div>
    <div
      className="col-md-4"
      s={6}
    >
      <div>
        <button
          className="btn btn-lg btn-danger btn-block"
          disabled={false}
          onClick={[Function]}
          type="button"
          variant="primary"
        >
          Create Song
        </button>
      </div>
    </div>
  </div>
  <div
    className="row"
  >
    <div
      className="JammerHistory"
    >
      <h2>
        Jammer History
      </h2>
      <div
        className="table-responsive"
      >
        <table
          className="table table-striped table-bordered"
        >
          <thead>
            <tr>
              <td>
                Song Name
              </td>
              <td>
                Privacy
              </td>
              <td>
                Jammers
              </td>
            </tr>
          </thead>
          <tbody>
            <tr>
              <td>
                <a
                  href="/coder/Baivab"
                >
                  Baivab
                </a>
              </td>
              <td>
                Public
              </td>
              <td>
                1
              </td>
            </tr>
          </tbody>
          <tbody>
            <tr>
              <td>
                <a
                  href="/coder/Pokhrel"
                >
                  Pokhrel
                </a>
              </td>
              <td>
                Private
              </td>
              <td>
                2
              </td>
            </tr>
          </tbody>
        </table>
      </div>
    </div>
  </div>
</div>
`;
